0 verbose cli /usr/bin/node /usr/bin/npm
1 info using npm@11.11.0
2 info using node@v24.14.1
3 silly config load:file:/usr/lib/node_modules/npm/npmrc
4 silly config load:file:/mnt/f/AIProjects/dsh-plugins/dsh-handoff-wall/.npmrc
5 silly config load:file:/home/h/.npmrc
6 silly config load:file:/home/h/.npm-global/etc/npmrc
7 verbose title npm install
8 verbose argv "install" "--legacy-peer-deps" "--no-audit" "--no-fund"
9 verbose logfile logs-max:10 dir:/mnt/f/AIProjects/dsh-plugins/dsh-handoff-wall/.npm-cache/_logs/2026-08-26T04_13_52_907Z-
10 verbose logfile /mnt/f/AIProjects/dsh-plugins/dsh-handoff-wall/.npm-cache/_logs/2026-08-26T04_13_52_907Z-debug-0.log
11 silly logfile done cleaning log files
12 silly packumentCache heap:2254438400 maxSize:563609600 maxEntrySize:281804800
13 silly idealTree buildDeps
14 silly fetch manifest @types/node@^24.13.3
15 silly packumentCache full:https://registry.npmmirror.com/@types%2fnode cache-miss
16 http fetch GET 200 https://registry.npmmirror.com/@types%2fnode 473ms (cache miss)
17 silly packumentCache full:https://registry.npmmirror.com/@types%2fnode set size:1167754 disposed:false
18 silly fetch manifest typescript@^5.9.0
19 silly packumentCache full:https://registry.npmmirror.com/typescript cache-miss
20 http fetch GET 200 https://registry.npmmirror.com/npm 640ms
21 http fetch GET 200 https://registry.npmmirror.com/typescript 566ms (cache miss)
22 silly packumentCache full:https://registry.npmmirror.com/typescript set size:1709516 disposed:false
23 silly fetch manifest tsdown@^0.22.14
24 silly packumentCache full:https://registry.npmmirror.com/tsdown cache-miss
25 http fetch GET 200 https://registry.npmmirror.com/tsdown 185ms (cache miss)
26 silly packumentCache full:https://registry.npmmirror.com/tsdown set size:106557 disposed:false
27 silly placeDep ROOT @types/node@24.13.3 OK for: @dsh-external/dsh-handoff-board@0.0.1 want: ^24.13.3
28 silly placeDep ROOT tsdown@0.22.14 OK for: @dsh-external/dsh-handoff-board@0.0.1 want: ^0.22.14
29 silly placeDep ROOT typescript@5.9.3 OK for: @dsh-external/dsh-handoff-board@0.0.1 want: ^5.9.0
30 silly fetch manifest undici-types@~7.18.0
31 silly packumentCache full:https://registry.npmmirror.com/undici-types cache-miss
32 silly fetch manifest cac@^7.0.0
33 silly packumentCache full:https://registry.npmmirror.com/cac cache-miss
34 silly fetch manifest defu@^6.1.7
35 silly packumentCache full:https://registry.npmmirror.com/defu cache-miss
36 silly fetch manifest obug@^2.1.4
37 silly packumentCache full:https://registry.npmmirror.com/obug cache-miss
38 silly fetch manifest ansis@^4.3.1
39 silly packumentCache full:https://registry.npmmirror.com/ansis cache-miss
40 silly fetch manifest verkit@^0.3.0
41 silly packumentCache full:https://registry.npmmirror.com/verkit cache-miss
42 silly fetch manifest empathic@^2.0.1
43 silly packumentCache full:https://registry.npmmirror.com/empathic cache-miss
44 http fetch GET 200 https://registry.npmmirror.com/defu 70ms (cache miss)
45 silly packumentCache full:https://registry.npmmirror.com/defu set size:18419 disposed:false
46 silly fetch manifest hookable@^6.1.1
47 silly packumentCache full:https://registry.npmmirror.com/hookable cache-miss
48 http fetch GET 200 https://registry.npmmirror.com/obug 87ms (cache miss)
49 silly packumentCache full:https://registry.npmmirror.com/obug set size:11871 disposed:false
50 silly fetch manifest rolldown@~1.2.0
51 silly packumentCache full:https://registry.npmmirror.com/rolldown cache-miss
52 http fetch GET 200 https://registry.npmmirror.com/cac 131ms (cache miss)
53 silly packumentCache full:https://registry.npmmirror.com/cac set size:48135 disposed:false
54 silly fetch manifest tinyexec@^1.2.4
55 silly packumentCache full:https://registry.npmmirror.com/tinyexec cache-miss
56 http fetch GET 200 https://registry.npmmirror.com/empathic 175ms (cache miss)
57 silly packumentCache full:https://registry.npmmirror.com/empathic set size:5465 disposed:false
58 silly fetch manifest picomatch@^4.0.5
59 silly packumentCache full:https://registry.npmmirror.com/picomatch cache-miss
60 http fetch GET 200 https://registry.npmmirror.com/hookable 109ms (cache miss)
61 silly packumentCache full:https://registry.npmmirror.com/hookable set size:27748 disposed:false
62 silly fetch manifest tree-kill@^1.2.2
63 silly packumentCache full:https://registry.npmmirror.com/tree-kill cache-miss
64 http fetch GET 200 https://registry.npmmirror.com/ansis 186ms (cache miss)
65 silly packumentCache full:https://registry.npmmirror.com/ansis set size:57915 disposed:false
66 silly fetch manifest tinyglobby@^0.2.17
67 silly packumentCache full:https://registry.npmmirror.com/tinyglobby cache-miss
68 http fetch GET 200 https://registry.npmmirror.com/verkit 191ms (cache miss)
69 silly packumentCache full:https://registry.npmmirror.com/verkit set size:7930 disposed:false
70 silly fetch manifest unconfig-core@^7.5.0
71 silly packumentCache full:https://registry.npmmirror.com/unconfig-core cache-miss
72 http fetch GET 200 https://registry.npmmirror.com/undici-types 204ms (cache miss)
73 silly packumentCache full:https://registry.npmmirror.com/undici-types set size:47441 disposed:false
74 silly fetch manifest rolldown-plugin-dts@^0.27.13
75 silly packumentCache full:https://registry.npmmirror.com/rolldown-plugin-dts cache-miss
76 http fetch GET 200 https://registry.npmmirror.com/tinyexec 80ms (cache miss)
77 silly packumentCache full:https://registry.npmmirror.com/tinyexec set size:15071 disposed:false
78 silly fetch manifest import-without-cache@^0.4.0
79 silly packumentCache full:https://registry.npmmirror.com/import-without-cache cache-miss
80 http fetch GET 200 https://registry.npmmirror.com/tree-kill 54ms (cache miss)
81 silly packumentCache full:https://registry.npmmirror.com/tree-kill set size:4978 disposed:false
82 http fetch GET 200 https://registry.npmmirror.com/unconfig-core 56ms (cache miss)
83 silly packumentCache full:https://registry.npmmirror.com/unconfig-core set size:2940 disposed:false
84 http fetch GET 200 https://registry.npmmirror.com/tinyglobby 67ms (cache miss)
85 silly packumentCache full:https://registry.npmmirror.com/tinyglobby set size:11023 disposed:false
86 http fetch GET 200 https://registry.npmmirror.com/import-without-cache 75ms (cache miss)
87 silly packumentCache full:https://registry.npmmirror.com/import-without-cache set size:8048 disposed:false
88 http fetch GET 200 https://registry.npmmirror.com/picomatch 116ms (cache miss)
89 silly packumentCache full:https://registry.npmmirror.com/picomatch set size:24788 disposed:false
90 http fetch GET 200 https://registry.npmmirror.com/rolldown-plugin-dts 112ms (cache miss)
91 silly packumentCache full:https://registry.npmmirror.com/rolldown-plugin-dts set size:77519 disposed:false
92 http fetch GET 200 https://registry.npmmirror.com/rolldown 273ms (cache miss)
93 silly packumentCache full:https://registry.npmmirror.com/rolldown set size:405404 disposed:false
94 silly placeDep ROOT undici-types@7.18.2 OK for: @types/node@24.13.3 want: ~7.18.0
95 silly placeDep ROOT ansis@4.3.1 OK for: tsdown@0.22.14 want: ^4.3.1
96 silly placeDep ROOT cac@7.0.0 OK for: tsdown@0.22.14 want: ^7.0.0
97 silly placeDep ROOT defu@6.1.7 OK for: tsdown@0.22.14 want: ^6.1.7
98 silly placeDep ROOT empathic@2.0.1 OK for: tsdown@0.22.14 want: ^2.0.1
99 silly placeDep ROOT hookable@6.1.1 OK for: tsdown@0.22.14 want: ^6.1.1
100 silly placeDep ROOT import-without-cache@0.4.0 OK for: tsdown@0.22.14 want: ^0.4.0
101 silly placeDep ROOT obug@2.1.4 OK for: tsdown@0.22.14 want: ^2.1.4
102 silly placeDep ROOT picomatch@4.0.7 OK for: tsdown@0.22.14 want: ^4.0.5
103 silly placeDep ROOT rolldown@1.2.5 OK for: tsdown@0.22.14 want: ~1.2.0
104 silly placeDep ROOT rolldown-plugin-dts@0.27.14 OK for: tsdown@0.22.14 want: ^0.27.13
105 silly placeDep ROOT tinyexec@1.3.0 OK for: tsdown@0.22.14 want: ^1.2.4
106 silly placeDep ROOT tinyglobby@0.2.17 OK for: tsdown@0.22.14 want: ^0.2.17
107 silly placeDep ROOT tree-kill@1.2.2 OK for: tsdown@0.22.14 want: ^1.2.2
108 silly placeDep ROOT unconfig-core@7.5.0 OK for: tsdown@0.22.14 want: ^7.5.0
109 silly placeDep ROOT verkit@0.3.2 OK for: tsdown@0.22.14 want: ^0.3.0
110 silly fetch manifest @oxc-project/types@=0.146.0
111 silly packumentCache full:https://registry.npmmirror.com/@oxc-project%2ftypes cache-miss
112 silly fetch manifest @rolldown/pluginutils@^1.0.0
113 silly packumentCache full:https://registry.npmmirror.com/@rolldown%2fpluginutils cache-miss
114 silly fetch manifest @rolldown/binding-darwin-x64@1.2.5
115 silly packumentCache full:https://registry.npmmirror.com/@rolldown%2fbinding-darwin-x64 cache-miss
116 silly fetch manifest @rolldown/binding-freebsd-x64@1.2.5
117 silly packumentCache full:https://registry.npmmirror.com/@rolldown%2fbinding-freebsd-x64 cache-miss
118 silly fetch manifest @rolldown/binding-darwin-arm64@1.2.5
119 silly packumentCache full:https://registry.npmmirror.com/@rolldown%2fbinding-darwin-arm64 cache-miss
120 silly fetch manifest @rolldown/binding-android-arm64@1.2.5
121 silly packumentCache full:https://registry.npmmirror.com/@rolldown%2fbinding-android-arm64 cache-miss
122 silly fetch manifest @rolldown/binding-linux-x64-gnu@1.2.5
123 silly packumentCache full:https://registry.npmmirror.com/@rolldown%2fbinding-linux-x64-gnu cache-miss
124 http fetch GET 200 https://registry.npmmirror.com/@rolldown%2fbinding-android-arm64 139ms (cache miss)
125 silly packumentCache full:https://registry.npmmirror.com/@rolldown%2fbinding-android-arm64 set size:31117 disposed:false
126 silly fetch manifest @rolldown/binding-linux-x64-musl@1.2.5
127 silly packumentCache full:https://registry.npmmirror.com/@rolldown%2fbinding-linux-x64-musl cache-miss
128 http fetch GET 200 https://registry.npmmirror.com/@rolldown%2fpluginutils 168ms (cache miss)
129 silly packumentCache full:https://registry.npmmirror.com/@rolldown%2fpluginutils set size:49379 disposed:false
130 silly fetch manifest @rolldown/binding-win32-x64-msvc@1.2.5
131 silly packumentCache full:https://registry.npmmirror.com/@rolldown%2fbinding-win32-x64-msvc cache-miss
132 http fetch GET 200 https://registry.npmmirror.com/@rolldown%2fbinding-darwin-x64 172ms (cache miss)
133 silly packumentCache full:https://registry.npmmirror.com/@rolldown%2fbinding-darwin-x64 set size:231998 disposed:false
134 silly fetch manifest @rolldown/binding-linux-arm64-gnu@1.2.5
135 silly packumentCache full:https://registry.npmmirror.com/@rolldown%2fbinding-linux-arm64-gnu cache-miss
136 http fetch GET 200 https://registry.npmmirror.com/@oxc-project%2ftypes 186ms (cache miss)
137 silly packumentCache full:https://registry.npmmirror.com/@oxc-project%2ftypes set size:49371 disposed:false
138 silly fetch manifest @rolldown/binding-linux-ppc64-gnu@1.2.5
139 silly packumentCache full:https://registry.npmmirror.com/@rolldown%2fbinding-linux-ppc64-gnu cache-miss
140 http fetch GET 200 https://registry.npmmirror.com/@rolldown%2fbinding-linux-ppc64-gnu 49ms (cache miss)
141 silly packumentCache full:https://registry.npmmirror.com/@rolldown%2fbinding-linux-ppc64-gnu set size:12091 disposed:false
142 silly fetch manifest @rolldown/binding-linux-s390x-gnu@1.2.5
143 silly packumentCache full:https://registry.npmmirror.com/@rolldown%2fbinding-linux-s390x-gnu cache-miss
144 http fetch GET 200 https://registry.npmmirror.com/@rolldown%2fbinding-win32-x64-msvc 580ms (cache miss)
145 silly packumentCache full:https://registry.npmmirror.com/@rolldown%2fbinding-win32-x64-msvc set size:232543 disposed:false
146 silly fetch manifest @rolldown/binding-android-arm-eabi@1.2.5
147 silly packumentCache full:https://registry.npmmirror.com/@rolldown%2fbinding-android-arm-eabi cache-miss
148 http fetch GET 200 https://registry.npmmirror.com/@rolldown%2fbinding-linux-s390x-gnu 523ms (cache miss)
149 silly packumentCache full:https://registry.npmmirror.com/@rolldown%2fbinding-linux-s390x-gnu set size:12097 disposed:false
150 silly fetch manifest @rolldown/binding-linux-arm64-musl@1.2.5
151 silly packumentCache full:https://registry.npmmirror.com/@rolldown%2fbinding-linux-arm64-musl cache-miss
152 http fetch GET 200 https://registry.npmmirror.com/@rolldown%2fbinding-freebsd-x64 764ms (cache miss)
153 silly packumentCache full:https://registry.npmmirror.com/@rolldown%2fbinding-freebsd-x64 set size:177722 disposed:false
154 silly fetch manifest @rolldown/binding-win32-arm64-msvc@1.2.5
155 silly packumentCache full:https://registry.npmmirror.com/@rolldown%2fbinding-win32-arm64-msvc cache-miss
156 http fetch GET 200 https://registry.npmmirror.com/@rolldown%2fbinding-darwin-arm64 781ms (cache miss)
157 silly packumentCache full:https://registry.npmmirror.com/@rolldown%2fbinding-darwin-arm64 set size:230750 disposed:false
158 silly fetch manifest @rolldown/binding-openharmony-arm64@1.2.5
159 silly packumentCache full:https://registry.npmmirror.com/@rolldown%2fbinding-openharmony-arm64 cache-miss
160 http fetch GET 200 https://registry.npmmirror.com/@rolldown%2fbinding-linux-x64-gnu 799ms (cache miss)
161 silly packumentCache full:https://registry.npmmirror.com/@rolldown%2fbinding-linux-x64-gnu set size:231365 disposed:false
162 silly fetch manifest @rolldown/binding-linux-arm-gnueabihf@1.2.5
163 silly packumentCache full:https://registry.npmmirror.com/@rolldown%2fbinding-linux-arm-gnueabihf cache-miss
164 http fetch GET 200 https://registry.npmmirror.com/@rolldown%2fbinding-android-arm-eabi 93ms (cache miss)
165 silly packumentCache full:https://registry.npmmirror.com/@rolldown%2fbinding-android-arm-eabi set size:3141 disposed:false
166 silly fetch manifest yuku-ast@^0.8.0
167 silly packumentCache full:https://registry.npmmirror.com/yuku-ast cache-miss
168 http fetch GET 200 https://registry.npmmirror.com/@rolldown%2fbinding-linux-x64-musl 724ms (cache miss)
169 silly packumentCache full:https://registry.npmmirror.com/@rolldown%2fbinding-linux-x64-musl set size:232282 disposed:false
170 silly fetch manifest yuku-parser@^0.8.0
171 silly packumentCache full:https://registry.npmmirror.com/yuku-parser cache-miss
172 http fetch GET 200 https://registry.npmmirror.com/@rolldown%2fbinding-openharmony-arm64 91ms (cache miss)
173 silly packumentCache full:https://registry.npmmirror.com/@rolldown%2fbinding-openharmony-arm64 set size:24499 disposed:false
174 silly fetch manifest dts-resolver@^3.0.0
175 silly packumentCache full:https://registry.npmmirror.com/dts-resolver cache-miss
176 http fetch GET 200 https://registry.npmmirror.com/@rolldown%2fbinding-linux-arm64-gnu 717ms (cache miss)
177 silly packumentCache full:https://registry.npmmirror.com/@rolldown%2fbinding-linux-arm64-gnu set size:232516 disposed:false
178 silly fetch manifest get-tsconfig@5.0.0-beta.5
179 silly packumentCache full:https://registry.npmmirror.com/get-tsconfig cache-miss
180 http fetch GET 200 https://registry.npmmirror.com/@rolldown%2fbinding-linux-arm64-musl 172ms (cache miss)
181 silly packumentCache full:https://registry.npmmirror.com/@rolldown%2fbinding-linux-arm64-musl set size:233107 disposed:false
182 silly fetch manifest yuku-codegen@^0.8.0
183 silly packumentCache full:https://registry.npmmirror.com/yuku-codegen cache-miss
184 http fetch GET 200 https://registry.npmmirror.com/yuku-ast 92ms (cache miss)
185 silly packumentCache full:https://registry.npmmirror.com/yuku-ast set size:14755 disposed:false
186 silly fetch manifest fdir@^6.5.0
187 silly packumentCache full:https://registry.npmmirror.com/fdir cache-miss
188 http fetch GET 200 https://registry.npmmirror.com/@rolldown%2fbinding-linux-arm-gnueabihf 143ms (cache miss)
189 silly packumentCache full:https://registry.npmmirror.com/@rolldown%2fbinding-linux-arm-gnueabihf set size:233502 disposed:false
190 silly fetch manifest @quansync/fs@^1.0.0
191 silly packumentCache full:https://registry.npmmirror.com/@quansync%2ffs cache-miss
192 http fetch GET 200 https://registry.npmmirror.com/dts-resolver 102ms (cache miss)
193 silly packumentCache full:https://registry.npmmirror.com/dts-resolver set size:8702 disposed:false
194 silly fetch manifest quansync@^1.0.0
195 silly packumentCache full:https://registry.npmmirror.com/quansync cache-miss
196 http fetch GET 200 https://registry.npmmirror.com/yuku-parser 118ms (cache miss)
197 silly packumentCache full:https://registry.npmmirror.com/yuku-parser set size:37260 disposed:false
198 http fetch GET 200 https://registry.npmmirror.com/get-tsconfig 104ms (cache miss)
199 silly packumentCache full:https://registry.npmmirror.com/get-tsconfig set size:37730 disposed:false
200 http fetch GET 200 https://registry.npmmirror.com/fdir 63ms (cache miss)
201 silly packumentCache full:https://registry.npmmirror.com/fdir set size:21942 disposed:false
202 http fetch GET 200 https://registry.npmmirror.com/@rolldown%2fbinding-win32-arm64-msvc 250ms (cache miss)
203 silly packumentCache full:https://registry.npmmirror.com/@rolldown%2fbinding-win32-arm64-msvc set size:233687 disposed:false
204 http fetch GET 200 https://registry.npmmirror.com/yuku-codegen 103ms (cache miss)
205 silly packumentCache full:https://registry.npmmirror.com/yuku-codegen set size:27576 disposed:false
206 http fetch GET 200 https://registry.npmmirror.com/@quansync%2ffs 89ms (cache miss)
207 silly packumentCache full:https://registry.npmmirror.com/@quansync%2ffs set size:5254 disposed:false
208 http fetch GET 200 https://registry.npmmirror.com/quansync 59ms (cache miss)
209 silly packumentCache full:https://registry.npmmirror.com/quansync set size:12893 disposed:false
210 silly placeDep ROOT @oxc-project/types@0.146.0 OK for: rolldown@1.2.5 want: =0.146.0
211 silly placeDep ROOT @rolldown/binding-android-arm-eabi@1.2.5 OK for: rolldown@1.2.5 want: 1.2.5
212 silly placeDep ROOT @rolldown/binding-android-arm64@1.2.5 OK for: rolldown@1.2.5 want: 1.2.5
213 silly placeDep ROOT @rolldown/binding-darwin-arm64@1.2.5 OK for: rolldown@1.2.5 want: 1.2.5
214 silly placeDep ROOT @rolldown/binding-darwin-x64@1.2.5 OK for: rolldown@1.2.5 want: 1.2.5
215 silly placeDep ROOT @rolldown/binding-freebsd-x64@1.2.5 OK for: rolldown@1.2.5 want: 1.2.5
216 silly placeDep ROOT @rolldown/binding-linux-arm-gnueabihf@1.2.5 OK for: rolldown@1.2.5 want: 1.2.5
217 silly placeDep ROOT @rolldown/binding-linux-arm64-gnu@1.2.5 OK for: rolldown@1.2.5 want: 1.2.5
218 silly placeDep ROOT @rolldown/binding-linux-arm64-musl@1.2.5 OK for: rolldown@1.2.5 want: 1.2.5
219 silly placeDep ROOT @rolldown/binding-linux-ppc64-gnu@1.2.5 OK for: rolldown@1.2.5 want: 1.2.5
220 silly placeDep ROOT @rolldown/binding-linux-s390x-gnu@1.2.5 OK for: rolldown@1.2.5 want: 1.2.5
221 silly placeDep ROOT @rolldown/binding-linux-x64-gnu@1.2.5 OK for: rolldown@1.2.5 want: 1.2.5
222 silly placeDep ROOT @rolldown/binding-linux-x64-musl@1.2.5 OK for: rolldown@1.2.5 want: 1.2.5
223 silly placeDep ROOT @rolldown/binding-openharmony-arm64@1.2.5 OK for: rolldown@1.2.5 want: 1.2.5
224 silly placeDep ROOT @rolldown/binding-win32-arm64-msvc@1.2.5 OK for: rolldown@1.2.5 want: 1.2.5
225 silly placeDep ROOT @rolldown/binding-win32-x64-msvc@1.2.5 OK for: rolldown@1.2.5 want: 1.2.5
226 silly placeDep ROOT @rolldown/pluginutils@1.0.1 OK for: rolldown@1.2.5 want: ^1.0.0
227 silly placeDep ROOT dts-resolver@3.0.0 OK for: rolldown-plugin-dts@0.27.14 want: ^3.0.0
228 silly placeDep ROOT get-tsconfig@5.0.0-beta.5 OK for: rolldown-plugin-dts@0.27.14 want: 5.0.0-beta.5
229 silly placeDep ROOT yuku-ast@0.8.7 OK for: rolldown-plugin-dts@0.27.14 want: ^0.8.0
230 silly placeDep ROOT yuku-codegen@0.8.7 OK for: rolldown-plugin-dts@0.27.14 want: ^0.8.0
231 silly placeDep ROOT yuku-parser@0.8.7 OK for: rolldown-plugin-dts@0.27.14 want: ^0.8.0
232 silly fetch manifest resolve-pkg-maps@^1.0.0
233 silly packumentCache full:https://registry.npmmirror.com/resolve-pkg-maps cache-miss
234 silly fetch manifest @yuku-toolchain/types@^0.8.7
235 silly packumentCache full:https://registry.npmmirror.com/@yuku-toolchain%2ftypes cache-miss
236 silly fetch manifest @yuku-toolchain/types@^0.8.7
237 silly packumentCache full:https://registry.npmmirror.com/@yuku-toolchain%2ftypes cache-miss
238 silly fetch manifest @yuku-codegen/binding-win32-x64@0.8.7
239 silly packumentCache full:https://registry.npmmirror.com/@yuku-codegen%2fbinding-win32-x64 cache-miss
240 silly fetch manifest @yuku-codegen/binding-darwin-x64@0.8.7
241 silly packumentCache full:https://registry.npmmirror.com/@yuku-codegen%2fbinding-darwin-x64 cache-miss
242 silly fetch manifest @yuku-codegen/binding-freebsd-x64@0.8.7
243 silly packumentCache full:https://registry.npmmirror.com/@yuku-codegen%2fbinding-freebsd-x64 cache-miss
244 silly fetch manifest @yuku-codegen/binding-win32-arm64@0.8.7
245 silly packumentCache full:https://registry.npmmirror.com/@yuku-codegen%2fbinding-win32-arm64 cache-miss
246 http fetch GET 200 https://registry.npmmirror.com/resolve-pkg-maps 136ms (cache miss)
247 silly packumentCache full:https://registry.npmmirror.com/resolve-pkg-maps set size:4954 disposed:false
248 silly fetch manifest @yuku-codegen/binding-darwin-arm64@0.8.7
249 silly packumentCache full:https://registry.npmmirror.com/@yuku-codegen%2fbinding-darwin-arm64 cache-miss
250 http fetch GET 200 https://registry.npmmirror.com/@yuku-toolchain%2ftypes 144ms (cache miss)
251 silly packumentCache full:https://registry.npmmirror.com/@yuku-toolchain%2ftypes set size:14811 disposed:false
252 silly fetch manifest @yuku-codegen/binding-android-arm64@0.8.7
253 silly packumentCache full:https://registry.npmmirror.com/@yuku-codegen%2fbinding-android-arm64 cache-miss
254 http fetch GET 200 https://registry.npmmirror.com/@yuku-codegen%2fbinding-freebsd-x64 144ms (cache miss)
255 silly packumentCache full:https://registry.npmmirror.com/@yuku-codegen%2fbinding-freebsd-x64 set size:19470 disposed:false
256 silly fetch manifest @yuku-codegen/binding-linux-arm-gnu@0.8.7
257 silly packumentCache full:https://registry.npmmirror.com/@yuku-codegen%2fbinding-linux-arm-gnu cache-miss
258 http fetch GET 200 https://registry.npmmirror.com/@yuku-codegen%2fbinding-win32-x64 151ms (cache miss)
259 silly packumentCache full:https://registry.npmmirror.com/@yuku-codegen%2fbinding-win32-x64 set size:19744 disposed:false
260 silly fetch manifest @yuku-codegen/binding-linux-x64-gnu@0.8.7
261 silly packumentCache full:https://registry.npmmirror.com/@yuku-codegen%2fbinding-linux-x64-gnu cache-miss
262 http fetch GET 200 https://registry.npmmirror.com/@yuku-codegen%2fbinding-darwin-x64 156ms (cache miss)
263 silly packumentCache full:https://registry.npmmirror.com/@yuku-codegen%2fbinding-darwin-x64 set size:19360 disposed:false
264 silly fetch manifest @yuku-codegen/binding-linux-arm-musl@0.8.7
265 silly packumentCache full:https://registry.npmmirror.com/@yuku-codegen%2fbinding-linux-arm-musl cache-miss
266 http fetch GET 200 https://registry.npmmirror.com/@yuku-codegen%2fbinding-win32-arm64 157ms (cache miss)
267 silly packumentCache full:https://registry.npmmirror.com/@yuku-codegen%2fbinding-win32-arm64 set size:19229 disposed:false
268 silly fetch manifest @yuku-codegen/binding-linux-x64-musl@0.8.7
269 silly packumentCache full:https://registry.npmmirror.com/@yuku-codegen%2fbinding-linux-x64-musl cache-miss
270 http fetch GET 200 https://registry.npmmirror.com/@yuku-toolchain%2ftypes 166ms (cache miss)
271 silly packumentCache full:https://registry.npmmirror.com/@yuku-toolchain%2ftypes set size:14811 disposed:false
272 silly packumentCache full:https://registry.npmmirror.com/@yuku-toolchain%2ftypes dispose
273 silly fetch manifest @yuku-codegen/binding-linux-arm64-gnu@0.8.7
274 silly packumentCache full:https://registry.npmmirror.com/@yuku-codegen%2fbinding-linux-arm64-gnu cache-miss
275 http fetch GET 200 https://registry.npmmirror.com/@yuku-codegen%2fbinding-darwin-arm64 92ms (cache miss)
276 silly packumentCache full:https://registry.npmmirror.com/@yuku-codegen%2fbinding-darwin-arm64 set size:20434 disposed:false
277 silly fetch manifest @yuku-codegen/binding-linux-arm64-musl@0.8.7
278 silly packumentCache full:https://registry.npmmirror.com/@yuku-codegen%2fbinding-linux-arm64-musl cache-miss
279 http fetch GET 200 https://registry.npmmirror.com/@yuku-codegen%2fbinding-android-arm64 88ms (cache miss)
280 silly packumentCache full:https://registry.npmmirror.com/@yuku-codegen%2fbinding-android-arm64 set size:3387 disposed:false
281 silly fetch manifest @yuku-parser/binding-win32-x64@0.8.7
282 silly packumentCache full:https://registry.npmmirror.com/@yuku-parser%2fbinding-win32-x64 cache-miss
283 http fetch GET 200 https://registry.npmmirror.com/@yuku-codegen%2fbinding-linux-arm-gnu 92ms (cache miss)
284 silly packumentCache full:https://registry.npmmirror.com/@yuku-codegen%2fbinding-linux-arm-gnu set size:19450 disposed:false
285 silly fetch manifest @yuku-parser/binding-darwin-x64@0.8.7
286 silly packumentCache full:https://registry.npmmirror.com/@yuku-parser%2fbinding-darwin-x64 cache-miss
287 http fetch GET 200 https://registry.npmmirror.com/@yuku-codegen%2fbinding-linux-x64-musl 115ms (cache miss)
288 silly packumentCache full:https://registry.npmmirror.com/@yuku-codegen%2fbinding-linux-x64-musl set size:19390 disposed:false
289 silly fetch manifest @yuku-parser/binding-freebsd-x64@0.8.7
290 silly packumentCache full:https://registry.npmmirror.com/@yuku-parser%2fbinding-freebsd-x64 cache-miss
291 http fetch GET 200 https://registry.npmmirror.com/@yuku-codegen%2fbinding-linux-arm-musl 122ms (cache miss)
292 silly packumentCache full:https://registry.npmmirror.com/@yuku-codegen%2fbinding-linux-arm-musl set size:19437 disposed:false
293 silly fetch manifest @yuku-parser/binding-win32-arm64@0.8.7
294 silly packumentCache full:https://registry.npmmirror.com/@yuku-parser%2fbinding-win32-arm64 cache-miss
295 http fetch GET 200 https://registry.npmmirror.com/@yuku-codegen%2fbinding-linux-arm64-gnu 118ms (cache miss)
296 silly packumentCache full:https://registry.npmmirror.com/@yuku-codegen%2fbinding-linux-arm64-gnu set size:19374 disposed:false
297 silly fetch manifest @yuku-parser/binding-darwin-arm64@0.8.7
298 silly packumentCache full:https://registry.npmmirror.com/@yuku-parser%2fbinding-darwin-arm64 cache-miss
299 http fetch GET 200 https://registry.npmmirror.com/@yuku-parser%2fbinding-darwin-x64 139ms (cache miss)
300 silly packumentCache full:https://registry.npmmirror.com/@yuku-parser%2fbinding-darwin-x64 set size:25631 disposed:false
301 silly fetch manifest @yuku-parser/binding-android-arm64@0.8.7
302 silly packumentCache full:https://registry.npmmirror.com/@yuku-parser%2fbinding-android-arm64 cache-miss
303 http fetch GET 200 https://registry.npmmirror.com/@yuku-parser%2fbinding-darwin-arm64 137ms (cache miss)
304 silly packumentCache full:https://registry.npmmirror.com/@yuku-parser%2fbinding-darwin-arm64 set size:25233 disposed:false
305 silly fetch manifest @yuku-parser/binding-linux-arm-gnu@0.8.7
306 silly packumentCache full:https://registry.npmmirror.com/@yuku-parser%2fbinding-linux-arm-gnu cache-miss
307 http fetch GET 200 https://registry.npmmirror.com/@yuku-parser%2fbinding-win32-arm64 157ms (cache miss)
308 silly packumentCache full:https://registry.npmmirror.com/@yuku-parser%2fbinding-win32-arm64 set size:25439 disposed:false
309 silly fetch manifest @yuku-parser/binding-linux-x64-gnu@0.8.7
310 silly packumentCache full:https://registry.npmmirror.com/@yuku-parser%2fbinding-linux-x64-gnu cache-miss
311 http fetch GET 200 https://registry.npmmirror.com/@yuku-parser%2fbinding-android-arm64 76ms (cache miss)
312 silly packumentCache full:https://registry.npmmirror.com/@yuku-parser%2fbinding-android-arm64 set size:3451 disposed:false
313 silly fetch manifest @yuku-parser/binding-linux-arm-musl@0.8.7
314 silly packumentCache full:https://registry.npmmirror.com/@yuku-parser%2fbinding-linux-arm-musl cache-miss
315 http fetch GET 200 https://registry.npmmirror.com/@yuku-codegen%2fbinding-linux-arm64-musl 239ms (cache miss)
316 silly packumentCache full:https://registry.npmmirror.com/@yuku-codegen%2fbinding-linux-arm64-musl set size:19553 disposed:false
317 silly fetch manifest @yuku-parser/binding-linux-x64-musl@0.8.7
318 silly packumentCache full:https://registry.npmmirror.com/@yuku-parser%2fbinding-linux-x64-musl cache-miss
319 http fetch GET 200 https://registry.npmmirror.com/@yuku-parser%2fbinding-win32-x64 277ms (cache miss)
320 silly packumentCache full:https://registry.npmmirror.com/@yuku-parser%2fbinding-win32-x64 set size:25342 disposed:false
321 silly fetch manifest @yuku-parser/binding-linux-arm64-gnu@0.8.7
322 silly packumentCache full:https://registry.npmmirror.com/@yuku-parser%2fbinding-linux-arm64-gnu cache-miss
323 http fetch GET 200 https://registry.npmmirror.com/@yuku-parser%2fbinding-linux-arm-gnu 102ms (cache miss)
324 silly packumentCache full:https://registry.npmmirror.com/@yuku-parser%2fbinding-linux-arm-gnu set size:25474 disposed:false
325 silly fetch manifest @yuku-parser/binding-linux-arm64-musl@0.8.7
326 silly packumentCache full:https://registry.npmmirror.com/@yuku-parser%2fbinding-linux-arm64-musl cache-miss
327 http fetch GET 200 https://registry.npmmirror.com/@yuku-codegen%2fbinding-linux-x64-gnu 390ms (cache miss)
328 silly packumentCache full:https://registry.npmmirror.com/@yuku-codegen%2fbinding-linux-x64-gnu set size:20344 disposed:false
329 http fetch GET 200 https://registry.npmmirror.com/@yuku-parser%2fbinding-linux-x64-gnu 119ms (cache miss)
330 silly packumentCache full:https://registry.npmmirror.com/@yuku-parser%2fbinding-linux-x64-gnu set size:26483 disposed:false
331 http fetch GET 200 https://registry.npmmirror.com/@yuku-parser%2fbinding-linux-arm-musl 97ms (cache miss)
332 silly packumentCache full:https://registry.npmmirror.com/@yuku-parser%2fbinding-linux-arm-musl set size:25705 disposed:false
333 http fetch GET 200 https://registry.npmmirror.com/@yuku-parser%2fbinding-linux-x64-musl 108ms (cache miss)
334 silly packumentCache full:https://registry.npmmirror.com/@yuku-parser%2fbinding-linux-x64-musl set size:25492 disposed:false
335 http fetch GET 200 https://registry.npmmirror.com/@yuku-parser%2fbinding-linux-arm64-gnu 83ms (cache miss)
336 silly packumentCache full:https://registry.npmmirror.com/@yuku-parser%2fbinding-linux-arm64-gnu set size:25475 disposed:false
337 http fetch GET 200 https://registry.npmmirror.com/@yuku-parser%2fbinding-linux-arm64-musl 116ms (cache miss)
338 silly packumentCache full:https://registry.npmmirror.com/@yuku-parser%2fbinding-linux-arm64-musl set size:25371 disposed:false
339 http fetch GET 200 https://registry.npmmirror.com/@yuku-parser%2fbinding-freebsd-x64 497ms (cache miss)
340 silly packumentCache full:https://registry.npmmirror.com/@yuku-parser%2fbinding-freebsd-x64 set size:25417 disposed:false
341 silly placeDep ROOT resolve-pkg-maps@1.0.0 OK for: get-tsconfig@5.0.0-beta.5 want: ^1.0.0
342 silly placeDep ROOT fdir@6.5.0 OK for: tinyglobby@0.2.17 want: ^6.5.0
343 silly placeDep ROOT @quansync/fs@1.0.0 OK for: unconfig-core@7.5.0 want: ^1.0.0
344 silly placeDep ROOT quansync@1.0.0 OK for: unconfig-core@7.5.0 want: ^1.0.0
345 silly placeDep ROOT @yuku-toolchain/types@0.8.7 OK for: yuku-ast@0.8.7 want: ^0.8.7
346 silly placeDep ROOT @yuku-codegen/binding-android-arm64@0.8.7 OK for: yuku-codegen@0.8.7 want: 0.8.7
347 silly placeDep ROOT @yuku-codegen/binding-darwin-arm64@0.8.7 OK for: yuku-codegen@0.8.7 want: 0.8.7
348 silly placeDep ROOT @yuku-codegen/binding-darwin-x64@0.8.7 OK for: yuku-codegen@0.8.7 want: 0.8.7
349 silly placeDep ROOT @yuku-codegen/binding-freebsd-x64@0.8.7 OK for: yuku-codegen@0.8.7 want: 0.8.7
350 silly placeDep ROOT @yuku-codegen/binding-linux-arm-gnu@0.8.7 OK for: yuku-codegen@0.8.7 want: 0.8.7
351 silly placeDep ROOT @yuku-codegen/binding-linux-arm-musl@0.8.7 OK for: yuku-codegen@0.8.7 want: 0.8.7
352 silly placeDep ROOT @yuku-codegen/binding-linux-arm64-gnu@0.8.7 OK for: yuku-codegen@0.8.7 want: 0.8.7
353 silly placeDep ROOT @yuku-codegen/binding-linux-arm64-musl@0.8.7 OK for: yuku-codegen@0.8.7 want: 0.8.7
354 silly placeDep ROOT @yuku-codegen/binding-linux-x64-gnu@0.8.7 OK for: yuku-codegen@0.8.7 want: 0.8.7
355 silly placeDep ROOT @yuku-codegen/binding-linux-x64-musl@0.8.7 OK for: yuku-codegen@0.8.7 want: 0.8.7
356 silly placeDep ROOT @yuku-codegen/binding-win32-arm64@0.8.7 OK for: yuku-codegen@0.8.7 want: 0.8.7
357 silly placeDep ROOT @yuku-codegen/binding-win32-x64@0.8.7 OK for: yuku-codegen@0.8.7 want: 0.8.7
358 silly placeDep ROOT @yuku-parser/binding-android-arm64@0.8.7 OK for: yuku-parser@0.8.7 want: 0.8.7
359 silly placeDep ROOT @yuku-parser/binding-darwin-arm64@0.8.7 OK for: yuku-parser@0.8.7 want: 0.8.7
360 silly placeDep ROOT @yuku-parser/binding-darwin-x64@0.8.7 OK for: yuku-parser@0.8.7 want: 0.8.7
361 silly placeDep ROOT @yuku-parser/binding-freebsd-x64@0.8.7 OK for: yuku-parser@0.8.7 want: 0.8.7
362 silly placeDep ROOT @yuku-parser/binding-linux-arm-gnu@0.8.7 OK for: yuku-parser@0.8.7 want: 0.8.7
363 silly placeDep ROOT @yuku-parser/binding-linux-arm-musl@0.8.7 OK for: yuku-parser@0.8.7 want: 0.8.7
364 silly placeDep ROOT @yuku-parser/binding-linux-arm64-gnu@0.8.7 OK for: yuku-parser@0.8.7 want: 0.8.7
365 silly placeDep ROOT @yuku-parser/binding-linux-arm64-musl@0.8.7 OK for: yuku-parser@0.8.7 want: 0.8.7
366 silly placeDep ROOT @yuku-parser/binding-linux-x64-gnu@0.8.7 OK for: yuku-parser@0.8.7 want: 0.8.7
367 silly placeDep ROOT @yuku-parser/binding-linux-x64-musl@0.8.7 OK for: yuku-parser@0.8.7 want: 0.8.7
368 silly placeDep ROOT @yuku-parser/binding-win32-arm64@0.8.7 OK for: yuku-parser@0.8.7 want: 0.8.7
369 silly placeDep ROOT @yuku-parser/binding-win32-x64@0.8.7 OK for: yuku-parser@0.8.7 want: 0.8.7
370 silly reify moves {}
371 http cache quansync@https://registry.npmmirror.com/quansync/-/quansync-1.0.0.tgz 0ms (cache hit)
372 http cache @yuku-toolchain/types@https://registry.npmmirror.com/@yuku-toolchain/types/-/types-0.8.7.tgz 0ms (cache hit)
373 http cache @yuku-parser/binding-linux-x64-gnu@https://registry.npmmirror.com/@yuku-parser/binding-linux-x64-gnu/-/binding-linux-x64-gnu-0.8.7.tgz 0ms (cache hit)
374 http cache @yuku-codegen/binding-linux-x64-gnu@https://registry.npmmirror.com/@yuku-codegen/binding-linux-x64-gnu/-/binding-linux-x64-gnu-0.8.7.tgz 0ms (cache hit)
375 http cache @quansync/fs@https://registry.npmmirror.com/@quansync/fs/-/fs-1.0.0.tgz 0ms (cache hit)
376 http cache fdir@https://registry.npmmirror.com/fdir/-/fdir-6.5.0.tgz 0ms (cache hit)
377 http cache yuku-ast@https://registry.npmmirror.com/yuku-ast/-/yuku-ast-0.8.7.tgz 0ms (cache hit)
378 http cache resolve-pkg-maps@https://registry.npmmirror.com/resolve-pkg-maps/-/resolve-pkg-maps-1.0.0.tgz 0ms (cache hit)
379 http cache dts-resolver@https://registry.npmmirror.com/dts-resolver/-/dts-resolver-3.0.0.tgz 0ms (cache hit)
380 http cache yuku-parser@https://registry.npmmirror.com/yuku-parser/-/yuku-parser-0.8.7.tgz 0ms (cache hit)
381 http cache get-tsconfig@https://registry.npmmirror.com/get-tsconfig/-/get-tsconfig-5.0.0-beta.5.tgz 0ms (cache hit)
382 http cache yuku-codegen@https://registry.npmmirror.com/yuku-codegen/-/yuku-codegen-0.8.7.tgz 0ms (cache hit)
383 http cache verkit@https://registry.npmmirror.com/verkit/-/verkit-0.3.2.tgz 0ms (cache hit)
384 http cache unconfig-core@https://registry.npmmirror.com/unconfig-core/-/unconfig-core-7.5.0.tgz 0ms (cache hit)
385 http cache rolldown-plugin-dts@https://registry.npmmirror.com/rolldown-plugin-dts/-/rolldown-plugin-dts-0.27.14.tgz 0ms (cache hit)
386 http cache @rolldown/pluginutils@https://registry.npmmirror.com/@rolldown/pluginutils/-/pluginutils-1.0.1.tgz 0ms (cache hit)
387 http cache @oxc-project/types@https://registry.npmmirror.com/@oxc-project/types/-/types-0.146.0.tgz 0ms (cache hit)
388 http cache @rolldown/binding-linux-x64-gnu@https://registry.npmmirror.com/@rolldown/binding-linux-x64-gnu/-/binding-linux-x64-gnu-1.2.5.tgz 0ms (cache hit)
389 http cache tree-kill@https://registry.npmmirror.com/tree-kill/-/tree-kill-1.2.2.tgz 0ms (cache hit)
390 http cache tinyglobby@https://registry.npmmirror.com/tinyglobby/-/tinyglobby-0.2.17.tgz 0ms (cache hit)
391 http cache tinyexec@https://registry.npmmirror.com/tinyexec/-/tinyexec-1.3.0.tgz 0ms (cache hit)
392 http cache rolldown@https://registry.npmmirror.com/rolldown/-/rolldown-1.2.5.tgz 0ms (cache hit)
393 http cache picomatch@https://registry.npmmirror.com/picomatch/-/picomatch-4.0.7.tgz 0ms (cache hit)
394 http cache obug@https://registry.npmmirror.com/obug/-/obug-2.1.4.tgz 0ms (cache hit)
395 http cache import-without-cache@https://registry.npmmirror.com/import-without-cache/-/import-without-cache-0.4.0.tgz 0ms (cache hit)
396 http cache hookable@https://registry.npmmirror.com/hookable/-/hookable-6.1.1.tgz 0ms (cache hit)
397 http cache empathic@https://registry.npmmirror.com/empathic/-/empathic-2.0.1.tgz 0ms (cache hit)
398 http cache cac@https://registry.npmmirror.com/cac/-/cac-7.0.0.tgz 0ms (cache hit)
399 http cache defu@https://registry.npmmirror.com/defu/-/defu-6.1.7.tgz 0ms (cache hit)
400 http cache ansis@https://registry.npmmirror.com/ansis/-/ansis-4.3.1.tgz 0ms (cache hit)
401 http cache undici-types@https://registry.npmmirror.com/undici-types/-/undici-types-7.18.2.tgz 0ms (cache hit)
402 http cache typescript@https://registry.npmmirror.com/typescript/-/typescript-5.9.3.tgz 0ms (cache hit)
403 http cache tsdown@https://registry.npmmirror.com/tsdown/-/tsdown-0.22.14.tgz 0ms (cache hit)
404 silly tarball no local data for quansync@https://registry.npmmirror.com/quansync/-/quansync-1.0.0.tgz. Extracting by manifest.
405 silly tarball no local data for @yuku-parser/binding-linux-x64-gnu@https://registry.npmmirror.com/@yuku-parser/binding-linux-x64-gnu/-/binding-linux-x64-gnu-0.8.7.tgz. Extracting by manifest.
406 http cache @types/node@https://registry.npmmirror.com/@types/node/-/node-24.13.3.tgz 0ms (cache hit)
407 silly tarball no local data for @quansync/fs@https://registry.npmmirror.com/@quansync/fs/-/fs-1.0.0.tgz. Extracting by manifest.
408 silly tarball no local data for @yuku-codegen/binding-linux-x64-gnu@https://registry.npmmirror.com/@yuku-codegen/binding-linux-x64-gnu/-/binding-linux-x64-gnu-0.8.7.tgz. Extracting by manifest.
409 silly tarball no local data for @yuku-toolchain/types@https://registry.npmmirror.com/@yuku-toolchain/types/-/types-0.8.7.tgz. Extracting by manifest.
410 silly tarball no local data for fdir@https://registry.npmmirror.com/fdir/-/fdir-6.5.0.tgz. Extracting by manifest.
411 silly tarball no local data for yuku-ast@https://registry.npmmirror.com/yuku-ast/-/yuku-ast-0.8.7.tgz. Extracting by manifest.
412 silly tarball no local data for dts-resolver@https://registry.npmmirror.com/dts-resolver/-/dts-resolver-3.0.0.tgz. Extracting by manifest.
413 silly tarball no local data for resolve-pkg-maps@https://registry.npmmirror.com/resolve-pkg-maps/-/resolve-pkg-maps-1.0.0.tgz. Extracting by manifest.
414 silly tarball no local data for get-tsconfig@https://registry.npmmirror.com/get-tsconfig/-/get-tsconfig-5.0.0-beta.5.tgz. Extracting by manifest.
415 silly tarball no local data for yuku-parser@https://registry.npmmirror.com/yuku-parser/-/yuku-parser-0.8.7.tgz. Extracting by manifest.
416 silly tarball no local data for yuku-codegen@https://registry.npmmirror.com/yuku-codegen/-/yuku-codegen-0.8.7.tgz. Extracting by manifest.
417 silly tarball no local data for unconfig-core@https://registry.npmmirror.com/unconfig-core/-/unconfig-core-7.5.0.tgz. Extracting by manifest.
418 silly tarball no local data for verkit@https://registry.npmmirror.com/verkit/-/verkit-0.3.2.tgz. Extracting by manifest.
419 silly tarball no local data for rolldown-plugin-dts@https://registry.npmmirror.com/rolldown-plugin-dts/-/rolldown-plugin-dts-0.27.14.tgz. Extracting by manifest.
420 silly tarball no local data for @oxc-project/types@https://registry.npmmirror.com/@oxc-project/types/-/types-0.146.0.tgz. Extracting by manifest.
421 silly tarball no local data for @rolldown/pluginutils@https://registry.npmmirror.com/@rolldown/pluginutils/-/pluginutils-1.0.1.tgz. Extracting by manifest.
422 silly tarball no local data for @rolldown/binding-linux-x64-gnu@https://registry.npmmirror.com/@rolldown/binding-linux-x64-gnu/-/binding-linux-x64-gnu-1.2.5.tgz. Extracting by manifest.
423 silly tarball no local data for tree-kill@https://registry.npmmirror.com/tree-kill/-/tree-kill-1.2.2.tgz. Extracting by manifest.
424 silly tarball no local data for tinyglobby@https://registry.npmmirror.com/tinyglobby/-/tinyglobby-0.2.17.tgz. Extracting by manifest.
425 silly tarball no local data for rolldown@https://registry.npmmirror.com/rolldown/-/rolldown-1.2.5.tgz. Extracting by manifest.
426 silly tarball no local data for tinyexec@https://registry.npmmirror.com/tinyexec/-/tinyexec-1.3.0.tgz. Extracting by manifest.
427 silly tarball no local data for picomatch@https://registry.npmmirror.com/picomatch/-/picomatch-4.0.7.tgz. Extracting by manifest.
428 silly tarball no local data for import-without-cache@https://registry.npmmirror.com/import-without-cache/-/import-without-cache-0.4.0.tgz. Extracting by manifest.
429 silly tarball no local data for obug@https://registry.npmmirror.com/obug/-/obug-2.1.4.tgz. Extracting by manifest.
430 silly tarball no local data for hookable@https://registry.npmmirror.com/hookable/-/hookable-6.1.1.tgz. Extracting by manifest.
431 silly tarball no local data for empathic@https://registry.npmmirror.com/empathic/-/empathic-2.0.1.tgz. Extracting by manifest.
432 silly tarball no local data for cac@https://registry.npmmirror.com/cac/-/cac-7.0.0.tgz. Extracting by manifest.
433 silly tarball no local data for defu@https://registry.npmmirror.com/defu/-/defu-6.1.7.tgz. Extracting by manifest.
434 silly tarball no local data for ansis@https://registry.npmmirror.com/ansis/-/ansis-4.3.1.tgz. Extracting by manifest.
435 silly tarball no local data for undici-types@https://registry.npmmirror.com/undici-types/-/undici-types-7.18.2.tgz. Extracting by manifest.
436 silly tarball no local data for typescript@https://registry.npmmirror.com/typescript/-/typescript-5.9.3.tgz. Extracting by manifest.
437 silly tarball no local data for tsdown@https://registry.npmmirror.com/tsdown/-/tsdown-0.22.14.tgz. Extracting by manifest.
438 silly tarball no local data for @types/node@https://registry.npmmirror.com/@types/node/-/node-24.13.3.tgz. Extracting by manifest.
439 http fetch GET 200 https://cdn.npmmirror.com/packages/resolve-pkg-maps/1.0.0/resolve-pkg-maps-1.0.0.tgz 884ms (cache miss)
440 http fetch GET 200 https://cdn.npmmirror.com/packages/quansync/1.0.0/quansync-1.0.0.tgz 1008ms (cache miss)
441 http fetch GET 200 https://cdn.npmmirror.com/packages/fdir/6.5.0/fdir-6.5.0.tgz 1019ms (cache miss)
442 http fetch GET 200 https://cdn.npmmirror.com/packages/verkit/0.3.2/verkit-0.3.2.tgz 1043ms (cache miss)
443 http fetch GET 200 https://cdn.npmmirror.com/packages/%40quansync/fs/1.0.0/fs-1.0.0.tgz 1062ms (cache miss)
444 http fetch GET 200 https://cdn.npmmirror.com/packages/%40yuku-toolchain/types/0.8.7/types-0.8.7.tgz 1098ms (cache miss)
445 http fetch GET 200 https://cdn.npmmirror.com/packages/tree-kill/1.2.2/tree-kill-1.2.2.tgz 1104ms (cache miss)
446 http fetch GET 200 https://cdn.npmmirror.com/packages/yuku-parser/0.8.7/yuku-parser-0.8.7.tgz 1115ms (cache miss)
447 http fetch GET 200 https://cdn.npmmirror.com/packages/tinyexec/1.3.0/tinyexec-1.3.0.tgz 1106ms (cache miss)
448 http fetch GET 200 https://cdn.npmmirror.com/packages/unconfig-core/7.5.0/unconfig-core-7.5.0.tgz 1127ms (cache miss)
449 http fetch GET 200 https://cdn.npmmirror.com/packages/yuku-ast/0.8.7/yuku-ast-0.8.7.tgz 1134ms (cache miss)
450 http fetch GET 200 https://cdn.npmmirror.com/packages/%40oxc-project/types/0.146.0/types-0.146.0.tgz 1127ms (cache miss)
451 http fetch GET 200 https://cdn.npmmirror.com/packages/obug/2.1.4/obug-2.1.4.tgz 1121ms (cache miss)
452 http fetch GET 200 https://cdn.npmmirror.com/packages/dts-resolver/3.0.0/dts-resolver-3.0.0.tgz 1179ms (cache miss)
453 http fetch GET 200 https://cdn.npmmirror.com/packages/tinyglobby/0.2.17/tinyglobby-0.2.17.tgz 1186ms (cache miss)
454 http fetch GET 200 https://cdn.npmmirror.com/packages/hookable/6.1.1/hookable-6.1.1.tgz 1189ms (cache miss)
455 http fetch GET 200 https://cdn.npmmirror.com/packages/ansis/4.3.1/ansis-4.3.1.tgz 1194ms (cache miss)
456 http fetch GET 200 https://cdn.npmmirror.com/packages/import-without-cache/0.4.0/import-without-cache-0.4.0.tgz 1206ms (cache miss)
457 http fetch GET 200 https://cdn.npmmirror.com/packages/cac/7.0.0/cac-7.0.0.tgz 1217ms (cache miss)
458 http fetch GET 200 https://cdn.npmmirror.com/packages/%40rolldown/pluginutils/1.0.1/pluginutils-1.0.1.tgz 1240ms (cache miss)
459 http fetch GET 200 https://cdn.npmmirror.com/packages/yuku-codegen/0.8.7/yuku-codegen-0.8.7.tgz 1248ms (cache miss)
460 http fetch GET 200 https://cdn.npmmirror.com/packages/defu/6.1.7/defu-6.1.7.tgz 1322ms (cache miss)
461 http fetch GET 200 https://cdn.npmmirror.com/packages/get-tsconfig/5.0.0-beta.5/get-tsconfig-5.0.0-beta.5.tgz 1343ms (cache miss)
462 http fetch GET 200 https://cdn.npmmirror.com/packages/empathic/2.0.1/empathic-2.0.1.tgz 1335ms (cache miss)
463 http fetch GET 200 https://cdn.npmmirror.com/packages/picomatch/4.0.7/picomatch-4.0.7.tgz 1367ms (cache miss)
464 http fetch GET 200 https://cdn.npmmirror.com/packages/%40yuku-codegen/binding-linux-x64-gnu/0.8.7/binding-linux-x64-gnu-0.8.7.tgz 1468ms (cache miss)
465 http fetch GET 200 https://cdn.npmmirror.com/packages/rolldown-plugin-dts/0.27.14/rolldown-plugin-dts-0.27.14.tgz 1561ms (cache miss)
466 http fetch GET 200 https://cdn.npmmirror.com/packages/undici-types/7.18.2/undici-types-7.18.2.tgz 1621ms (cache miss)
467 http fetch GET 200 https://cdn.npmmirror.com/packages/%40yuku-parser/binding-linux-x64-gnu/0.8.7/binding-linux-x64-gnu-0.8.7.tgz 1709ms (cache miss)
468 http fetch GET 200 https://cdn.npmmirror.com/packages/tsdown/0.22.14/tsdown-0.22.14.tgz 1690ms (cache miss)
469 http fetch GET 200 https://cdn.npmmirror.com/packages/rolldown/1.2.5/rolldown-1.2.5.tgz 2123ms (cache miss)
470 http fetch GET 200 https://cdn.npmmirror.com/packages/%40types/node/24.13.3/node-24.13.3.tgz 2196ms (cache miss)
471 http fetch GET 200 https://cdn.npmmirror.com/packages/%40rolldown/binding-linux-x64-gnu/1.2.5/binding-linux-x64-gnu-1.2.5.tgz 2847ms (cache miss)
472 http fetch GET 200 https://cdn.npmmirror.com/packages/typescript/5.9.3/typescript-5.9.3.tgz 3326ms (cache miss)
473 silly ADD node_modules/@yuku-parser/binding-linux-x64-gnu
474 silly ADD node_modules/@yuku-codegen/binding-linux-x64-gnu
475 silly ADD node_modules/@yuku-toolchain/types
476 silly ADD node_modules/quansync
477 silly ADD node_modules/@quansync/fs
478 silly ADD node_modules/fdir
479 silly ADD node_modules/resolve-pkg-maps
480 silly ADD node_modules/yuku-parser
481 silly ADD node_modules/yuku-codegen
482 silly ADD node_modules/yuku-ast
483 silly ADD node_modules/get-tsconfig
484 silly ADD node_modules/dts-resolver
485 silly ADD node_modules/@rolldown/pluginutils
486 silly ADD node_modules/@rolldown/binding-linux-x64-gnu
487 silly ADD node_modules/@oxc-project/types
488 silly ADD node_modules/verkit
489 silly ADD node_modules/unconfig-core
490 silly ADD node_modules/tree-kill
491 silly ADD node_modules/tinyglobby
492 silly ADD node_modules/tinyexec
493 silly ADD node_modules/rolldown-plugin-dts
494 silly ADD node_modules/rolldown
495 silly ADD node_modules/picomatch
496 silly ADD node_modules/obug
497 silly ADD node_modules/import-without-cache
498 silly ADD node_modules/hookable
499 silly ADD node_modules/empathic
500 silly ADD node_modules/defu
501 silly ADD node_modules/cac
502 silly ADD node_modules/ansis
503 silly ADD node_modules/undici-types
504 silly ADD node_modules/typescript
505 silly ADD node_modules/tsdown
506 silly ADD node_modules/@types/node
507 verbose cwd /mnt/f/AIProjects/dsh-plugins/dsh-handoff-wall
508 verbose os Linux 6.18.33.2-microsoft-standard-WSL2
509 verbose node v24.14.1
510 verbose npm  v11.11.0
511 notice
511 notice New minor version of npm available! 11.11.0 -> 11.19.0
511 notice Changelog: https://github.com/npm/cli/releases/tag/v11.19.0
511 notice To update run: npm install -g npm@11.19.0
511 notice  { force: true, Symbol(proc-log.meta): true }
512 verbose exit 0
513 info ok
